Task 1:

Microsoft Windows [Version 10.0.26200.8246]
(c) Microsoft Corporation. All rights reserved.

C:\Users\Codeline>cd task1
The system cannot find the path specified.

C:\Users\Codeline>cd desktop

C:\Users\Codeline\Desktop>cd task1

C:\Users\Codeline\Desktop\task1>git log --online --graph
fatal: unrecognized argument: --online

C:\Users\Codeline\Desktop\task1>git log --oneline --graph
* 3db7c05 (HEAD -> main, origin/main) modifyed contact.html file
* 07dc570 modifyed the file services.html
* cc56d9d added new file named about.html
* feda56b added empty file named contact.html
* 1633ec6 added empty file named services.html
* 639da0a added empty file named about.html
* d85527e Initial commit

C:\Users\Codeline\Desktop\task1>git branch
  feature-branch
* main

C:\Users\Codeline\Desktop\task1>git merge
fatal: No remote for the current branch.

C:\Users\Codeline\Desktop\task1>git switch feature-branch
Switched to branch 'feature-branch'

C:\Users\Codeline\Desktop\task1>git merge
fatal: No remote for the current branch.

C:\Users\Codeline\Desktop\task1>git switch main
Switched to branch 'main'

C:\Users\Codeline\Desktop\task1>git status
On branch main
nothing to commit, working tree clean

C:\Users\Codeline\Desktop\task1>git switch feature-branch
Switched to branch 'feature-branch'

C:\Users\Codeline\Desktop\task1>dir
 Volume in drive C is Windows
 Volume Serial Number is AA7D-8A41

 Directory of C:\Users\Codeline\Desktop\task1

04/21/2026  11:49 AM    <DIR>          .
04/21/2026  11:29 AM    <DIR>          ..
04/21/2026  11:35 AM                 8 about.html
04/21/2026  11:35 AM                 5 contact.html
04/21/2026  11:49 AM                 5 index.html
04/21/2026  11:35 AM                21 README.md
04/21/2026  11:49 AM                 0 script.js
04/21/2026  11:35 AM                 8 services.html
04/21/2026  11:49 AM                 9 style.css
               7 File(s)             56 bytes
               2 Dir(s)  433,625,063,424 bytes free

C:\Users\Codeline\Desktop\task1>git switch main
Switched to branch 'main'

C:\Users\Codeline\Desktop\task1>git merge feature-branch main
Updating 3db7c05..5449784
Fast-forward
 index.html | 1 +
 script.js  | 0
 style.css  | 1 +
 3 files changed, 2 insertions(+)
 create mode 100644 index.html
 create mode 100644 script.js
 create mode 100644 style.css

C:\Users\Codeline\Desktop\task1>


Task 2:

Microsoft Windows [Version 10.0.26200.8246]
(c) Microsoft Corporation. All rights reserved.

C:\Users\Codeline>cd task1
The system cannot find the path specified.

C:\Users\Codeline>cd desktop

C:\Users\Codeline\Desktop>cd task1

C:\Users\Codeline\Desktop\task1>git log --online --graph
fatal: unrecognized argument: --online

C:\Users\Codeline\Desktop\task1>git log --oneline --graph
* 3db7c05 (HEAD -> main, origin/main) modifyed contact.html file
* 07dc570 modifyed the file services.html
* cc56d9d added new file named about.html
* feda56b added empty file named contact.html
* 1633ec6 added empty file named services.html
* 639da0a added empty file named about.html
* d85527e Initial commit

C:\Users\Codeline\Desktop\task1>git branch
  feature-branch
* main

C:\Users\Codeline\Desktop\task1>git merge
fatal: No remote for the current branch.

C:\Users\Codeline\Desktop\task1>git switch feature-branch
Switched to branch 'feature-branch'

C:\Users\Codeline\Desktop\task1>git merge
fatal: No remote for the current branch.

C:\Users\Codeline\Desktop\task1>git switch main
Switched to branch 'main'

C:\Users\Codeline\Desktop\task1>git status
On branch main
nothing to commit, working tree clean

C:\Users\Codeline\Desktop\task1>git switch feature-branch
Switched to branch 'feature-branch'

C:\Users\Codeline\Desktop\task1>dir
 Volume in drive C is Windows
 Volume Serial Number is AA7D-8A41

 Directory of C:\Users\Codeline\Desktop\task1

04/21/2026  11:49 AM    <DIR>          .
04/21/2026  11:29 AM    <DIR>          ..
04/21/2026  11:35 AM                 8 about.html
04/21/2026  11:35 AM                 5 contact.html
04/21/2026  11:49 AM                 5 index.html
04/21/2026  11:35 AM                21 README.md
04/21/2026  11:49 AM                 0 script.js
04/21/2026  11:35 AM                 8 services.html
04/21/2026  11:49 AM                 9 style.css
               7 File(s)             56 bytes
               2 Dir(s)  433,625,063,424 bytes free

C:\Users\Codeline\Desktop\task1>git switch main
Switched to branch 'main'

C:\Users\Codeline\Desktop\task1>git merge feature-branch main
Updating 3db7c05..5449784
Fast-forward
 index.html | 1 +
 script.js  | 0
 style.css  | 1 +
 3 files changed, 2 insertions(+)
 create mode 100644 index.html
 create mode 100644 script.js
 create mode 100644 style.css

C:\Users\Codeline\Desktop\task1>


Task 3:

C:\Users\Codeline\Desktop\task1>git branch
  feature-branch
* main

C:\Users\Codeline\Desktop\task1>git branch -d feature-branch
Deleted branch feature-branch (was 5449784).

C:\Users\Codeline\Desktop\task1>git branch
* main

C:\Users\Codeline\Desktop\task1>


Task 4:

C:\Users\Codeline\Desktop\task1>git branch
* main

C:\Users\Codeline\Desktop\task1>git status
On branch main
nothing to commit, working tree clean

C:\Users\Codeline\Desktop\task1>


Task 5:

Microsoft Windows [Version 10.0.26200.8246]
(c) Microsoft Corporation. All rights reserved.

C:\Users\Codeline>cd task1
The system cannot find the path specified.

C:\Users\Codeline>cd desktop

C:\Users\Codeline\Desktop>cd task1

C:\Users\Codeline\Desktop\task1>git log --online --graph
fatal: unrecognized argument: --online

C:\Users\Codeline\Desktop\task1>git log --oneline --graph
* 3db7c05 (HEAD -> main, origin/main) modifyed contact.html file
* 07dc570 modifyed the file services.html
* cc56d9d added new file named about.html
* feda56b added empty file named contact.html
* 1633ec6 added empty file named services.html
* 639da0a added empty file named about.html
* d85527e Initial commit

C:\Users\Codeline\Desktop\task1>git branch
  feature-branch
* main

C:\Users\Codeline\Desktop\task1>git merge
fatal: No remote for the current branch.

C:\Users\Codeline\Desktop\task1>git switch feature-branch
Switched to branch 'feature-branch'

C:\Users\Codeline\Desktop\task1>git merge
fatal: No remote for the current branch.

C:\Users\Codeline\Desktop\task1>git switch main
Switched to branch 'main'

C:\Users\Codeline\Desktop\task1>git status
On branch main
nothing to commit, working tree clean

C:\Users\Codeline\Desktop\task1>git switch feature-branch
Switched to branch 'feature-branch'

C:\Users\Codeline\Desktop\task1>dir
 Volume in drive C is Windows
 Volume Serial Number is AA7D-8A41

 Directory of C:\Users\Codeline\Desktop\task1

04/21/2026  11:49 AM    <DIR>          .
04/21/2026  11:29 AM    <DIR>          ..
04/21/2026  11:35 AM                 8 about.html
04/21/2026  11:35 AM                 5 contact.html
04/21/2026  11:49 AM                 5 index.html
04/21/2026  11:35 AM                21 README.md
04/21/2026  11:49 AM                 0 script.js
04/21/2026  11:35 AM                 8 services.html
04/21/2026  11:49 AM                 9 style.css
               7 File(s)             56 bytes
               2 Dir(s)  433,625,063,424 bytes free

C:\Users\Codeline\Desktop\task1>git switch main
Switched to branch 'main'

C:\Users\Codeline\Desktop\task1>git merge feature-branch main
Updating 3db7c05..5449784
Fast-forward
 index.html | 1 +
 script.js  | 0
 style.css  | 1 +
 3 files changed, 2 insertions(+)
 create mode 100644 index.html
 create mode 100644 script.js
 create mode 100644 style.css

C:\Users\Codeline\Desktop\task1>


Task 6:

Microsoft Windows [Version 10.0.26200.8246]
(c) Microsoft Corporation. All rights reserved.

C:\Users\Codeline>cd task1
The system cannot find the path specified.

C:\Users\Codeline>cd desktop

C:\Users\Codeline\Desktop>cd task1

C:\Users\Codeline\Desktop\task1>git log --online --graph
fatal: unrecognized argument: --online

C:\Users\Codeline\Desktop\task1>git log --oneline --graph
* 3db7c05 (HEAD -> main, origin/main) modifyed contact.html file
* 07dc570 modifyed the file services.html
* cc56d9d added new file named about.html
* feda56b added empty file named contact.html
* 1633ec6 added empty file named services.html
* 639da0a added empty file named about.html
* d85527e Initial commit

C:\Users\Codeline\Desktop\task1>git branch
  feature-branch
* main

C:\Users\Codeline\Desktop\task1>git merge
fatal: No remote for the current branch.

C:\Users\Codeline\Desktop\task1>git switch feature-branch
Switched to branch 'feature-branch'

C:\Users\Codeline\Desktop\task1>git merge
fatal: No remote for the current branch.

C:\Users\Codeline\Desktop\task1>git switch main
Switched to branch 'main'

C:\Users\Codeline\Desktop\task1>git status
On branch main
nothing to commit, working tree clean

C:\Users\Codeline\Desktop\task1>git switch feature-branch
Switched to branch 'feature-branch'

C:\Users\Codeline\Desktop\task1>dir
 Volume in drive C is Windows
 Volume Serial Number is AA7D-8A41

 Directory of C:\Users\Codeline\Desktop\task1

04/21/2026  11:49 AM    <DIR>          .
04/21/2026  11:29 AM    <DIR>          ..
04/21/2026  11:35 AM                 8 about.html
04/21/2026  11:35 AM                 5 contact.html
04/21/2026  11:49 AM                 5 index.html
04/21/2026  11:35 AM                21 README.md
04/21/2026  11:49 AM                 0 script.js
04/21/2026  11:35 AM                 8 services.html
04/21/2026  11:49 AM                 9 style.css
               7 File(s)             56 bytes
               2 Dir(s)  433,625,063,424 bytes free

C:\Users\Codeline\Desktop\task1>git switch main
Switched to branch 'main'

C:\Users\Codeline\Desktop\task1>git merge feature-branch main
Updating 3db7c05..5449784
Fast-forward
 index.html | 1 +
 script.js  | 0
 style.css  | 1 +
 3 files changed, 2 insertions(+)
 create mode 100644 index.html
 create mode 100644 script.js
 create mode 100644 style.css

C:\Users\Codeline\Desktop\task1>

Task 7:

Microsoft Windows [Version 10.0.26200.8246]
(c) Microsoft Corporation. All rights reserved.

C:\Users\Codeline>cd task1
The system cannot find the path specified.

C:\Users\Codeline>cd desktop

C:\Users\Codeline\Desktop>cd task1

C:\Users\Codeline\Desktop\task1>git log --online --graph
fatal: unrecognized argument: --online

C:\Users\Codeline\Desktop\task1>git log --oneline --graph
* 3db7c05 (HEAD -> main, origin/main) modifyed contact.html file
* 07dc570 modifyed the file services.html
* cc56d9d added new file named about.html
* feda56b added empty file named contact.html
* 1633ec6 added empty file named services.html
* 639da0a added empty file named about.html
* d85527e Initial commit

C:\Users\Codeline\Desktop\task1>git branch
  feature-branch
* main

C:\Users\Codeline\Desktop\task1>git merge
fatal: No remote for the current branch.

C:\Users\Codeline\Desktop\task1>git switch feature-branch
Switched to branch 'feature-branch'

C:\Users\Codeline\Desktop\task1>git merge
fatal: No remote for the current branch.

C:\Users\Codeline\Desktop\task1>git switch main
Switched to branch 'main'

C:\Users\Codeline\Desktop\task1>git status
On branch main
nothing to commit, working tree clean

C:\Users\Codeline\Desktop\task1>git switch feature-branch
Switched to branch 'feature-branch'

C:\Users\Codeline\Desktop\task1>dir
 Volume in drive C is Windows
 Volume Serial Number is AA7D-8A41

 Directory of C:\Users\Codeline\Desktop\task1

04/21/2026  11:49 AM    <DIR>          .
04/21/2026  11:29 AM    <DIR>          ..
04/21/2026  11:35 AM                 8 about.html
04/21/2026  11:35 AM                 5 contact.html
04/21/2026  11:49 AM                 5 index.html
04/21/2026  11:35 AM                21 README.md
04/21/2026  11:49 AM                 0 script.js
04/21/2026  11:35 AM                 8 services.html
04/21/2026  11:49 AM                 9 style.css
               7 File(s)             56 bytes
               2 Dir(s)  433,625,063,424 bytes free

C:\Users\Codeline\Desktop\task1>git switch main
Switched to branch 'main'

C:\Users\Codeline\Desktop\task1>git merge feature-branch main
Updating 3db7c05..5449784
Fast-forward
 index.html | 1 +
 script.js  | 0
 style.css  | 1 +
 3 files changed, 2 insertions(+)
 create mode 100644 index.html
 create mode 100644 script.js
 create mode 100644 style.css

C:\Users\Codeline\Desktop\task1>

Task 8:

Microsoft Windows [Version 10.0.26200.8246]
(c) Microsoft Corporation. All rights reserved.

C:\Users\Codeline>cd task1
The system cannot find the path specified.

C:\Users\Codeline>cd desktop

C:\Users\Codeline\Desktop>cd task1

C:\Users\Codeline\Desktop\task1>git log --online --graph
fatal: unrecognized argument: --online

C:\Users\Codeline\Desktop\task1>git log --oneline --graph
* 3db7c05 (HEAD -> main, origin/main) modifyed contact.html file
* 07dc570 modifyed the file services.html
* cc56d9d added new file named about.html
* feda56b added empty file named contact.html
* 1633ec6 added empty file named services.html
* 639da0a added empty file named about.html
* d85527e Initial commit

C:\Users\Codeline\Desktop\task1>git branch
  feature-branch
* main

C:\Users\Codeline\Desktop\task1>git merge
fatal: No remote for the current branch.

C:\Users\Codeline\Desktop\task1>git switch feature-branch
Switched to branch 'feature-branch'

C:\Users\Codeline\Desktop\task1>git merge
fatal: No remote for the current branch.

C:\Users\Codeline\Desktop\task1>git switch main
Switched to branch 'main'

C:\Users\Codeline\Desktop\task1>git status
On branch main
nothing to commit, working tree clean

C:\Users\Codeline\Desktop\task1>git switch feature-branch
Switched to branch 'feature-branch'

C:\Users\Codeline\Desktop\task1>dir
 Volume in drive C is Windows
 Volume Serial Number is AA7D-8A41

 Directory of C:\Users\Codeline\Desktop\task1

04/21/2026  11:49 AM    <DIR>          .
04/21/2026  11:29 AM    <DIR>          ..
04/21/2026  11:35 AM                 8 about.html
04/21/2026  11:35 AM                 5 contact.html
04/21/2026  11:49 AM                 5 index.html
04/21/2026  11:35 AM                21 README.md
04/21/2026  11:49 AM                 0 script.js
04/21/2026  11:35 AM                 8 services.html
04/21/2026  11:49 AM                 9 style.css
               7 File(s)             56 bytes
               2 Dir(s)  433,625,063,424 bytes free

C:\Users\Codeline\Desktop\task1>git switch main
Switched to branch 'main'

C:\Users\Codeline\Desktop\task1>git merge feature-branch main
Updating 3db7c05..5449784
Fast-forward
 index.html | 1 +
 script.js  | 0
 style.css  | 1 +
 3 files changed, 2 insertions(+)
 create mode 100644 index.html
 create mode 100644 script.js
 create mode 100644 style.css

C:\Users\Codeline\Desktop\task1>


Task 9:

Microsoft Windows [Version 10.0.26200.8246]
(c) Microsoft Corporation. All rights reserved.

C:\Users\Codeline>cd task1
The system cannot find the path specified.

C:\Users\Codeline>cd desktop

C:\Users\Codeline\Desktop>cd task1

C:\Users\Codeline\Desktop\task1>git log --online --graph
fatal: unrecognized argument: --online

C:\Users\Codeline\Desktop\task1>git log --oneline --graph
* 3db7c05 (HEAD -> main, origin/main) modifyed contact.html file
* 07dc570 modifyed the file services.html
* cc56d9d added new file named about.html
* feda56b added empty file named contact.html
* 1633ec6 added empty file named services.html
* 639da0a added empty file named about.html
* d85527e Initial commit

C:\Users\Codeline\Desktop\task1>git branch
  feature-branch
* main

C:\Users\Codeline\Desktop\task1>git merge
fatal: No remote for the current branch.

C:\Users\Codeline\Desktop\task1>git switch feature-branch
Switched to branch 'feature-branch'

C:\Users\Codeline\Desktop\task1>git merge
fatal: No remote for the current branch.

C:\Users\Codeline\Desktop\task1>git switch main
Switched to branch 'main'

C:\Users\Codeline\Desktop\task1>git status
On branch main
nothing to commit, working tree clean

C:\Users\Codeline\Desktop\task1>git switch feature-branch
Switched to branch 'feature-branch'

C:\Users\Codeline\Desktop\task1>dir
 Volume in drive C is Windows
 Volume Serial Number is AA7D-8A41

 Directory of C:\Users\Codeline\Desktop\task1

04/21/2026  11:49 AM    <DIR>          .
04/21/2026  11:29 AM    <DIR>          ..
04/21/2026  11:35 AM                 8 about.html
04/21/2026  11:35 AM                 5 contact.html
04/21/2026  11:49 AM                 5 index.html
04/21/2026  11:35 AM                21 README.md
04/21/2026  11:49 AM                 0 script.js
04/21/2026  11:35 AM                 8 services.html
04/21/2026  11:49 AM                 9 style.css
               7 File(s)             56 bytes
               2 Dir(s)  433,625,063,424 bytes free

C:\Users\Codeline\Desktop\task1>git switch main
Switched to branch 'main'

C:\Users\Codeline\Desktop\task1>git merge feature-branch main
Updating 3db7c05..5449784
Fast-forward
 index.html | 1 +
 script.js  | 0
 style.css  | 1 +
 3 files changed, 2 insertions(+)
 create mode 100644 index.html
 create mode 100644 script.js
 create mode 100644 style.css

C:\Users\Codeline\Desktop\task1>


Task 10:

Microsoft Windows [Version 10.0.26200.8246]
(c) Microsoft Corporation. All rights reserved.

C:\Users\Codeline>cd task1
The system cannot find the path specified.

C:\Users\Codeline>cd desktop

C:\Users\Codeline\Desktop>cd task1

C:\Users\Codeline\Desktop\task1>git log --online --graph
fatal: unrecognized argument: --online

C:\Users\Codeline\Desktop\task1>git log --oneline --graph
* 3db7c05 (HEAD -> main, origin/main) modifyed contact.html file
* 07dc570 modifyed the file services.html
* cc56d9d added new file named about.html
* feda56b added empty file named contact.html
* 1633ec6 added empty file named services.html
* 639da0a added empty file named about.html
* d85527e Initial commit

C:\Users\Codeline\Desktop\task1>git branch
  feature-branch
* main

C:\Users\Codeline\Desktop\task1>git merge
fatal: No remote for the current branch.

C:\Users\Codeline\Desktop\task1>git switch feature-branch
Switched to branch 'feature-branch'

C:\Users\Codeline\Desktop\task1>git merge
fatal: No remote for the current branch.

C:\Users\Codeline\Desktop\task1>git switch main
Switched to branch 'main'

C:\Users\Codeline\Desktop\task1>git status
On branch main
nothing to commit, working tree clean

C:\Users\Codeline\Desktop\task1>git switch feature-branch
Switched to branch 'feature-branch'

C:\Users\Codeline\Desktop\task1>dir
 Volume in drive C is Windows
 Volume Serial Number is AA7D-8A41

 Directory of C:\Users\Codeline\Desktop\task1

04/21/2026  11:49 AM    <DIR>          .
04/21/2026  11:29 AM    <DIR>          ..
04/21/2026  11:35 AM                 8 about.html
04/21/2026  11:35 AM                 5 contact.html
04/21/2026  11:49 AM                 5 index.html
04/21/2026  11:35 AM                21 README.md
04/21/2026  11:49 AM                 0 script.js
04/21/2026  11:35 AM                 8 services.html
04/21/2026  11:49 AM                 9 style.css
               7 File(s)             56 bytes
               2 Dir(s)  433,625,063,424 bytes free

C:\Users\Codeline\Desktop\task1>git switch main
Switched to branch 'main'

C:\Users\Codeline\Desktop\task1>git merge feature-branch main
Updating 3db7c05..5449784
Fast-forward
 index.html | 1 +
 script.js  | 0
 style.css  | 1 +
 3 files changed, 2 insertions(+)
 create mode 100644 index.html
 create mode 100644 script.js
 create mode 100644 style.css

C:\Users\Codeline\Desktop\task1>



































